mysql> use sse;
Database changed
mysql> select*from mentees;
+-----------+---------+------+---------+------------+-------+
| regn0     | name    | dept | address | fathername | marks |
+-----------+---------+------+---------+------------+-------+
| 192011079 | gowtham | bme  | erode   | moorthi    |    96 |
| 192011090 | arun    | cse  | chennai | muthu      |    94 |
| 192011080 | harini  | ece  | tanjore | velu       |    98 |
| 192211080 | divya   | ece  | tirupur | ramesh     |    98 |
+-----------+---------+------+---------+------------+-------+
4 rows in set (0.00 sec)

mysql> select*from mentees where dept="ece";
+-----------+--------+------+---------+------------+-------+
| regn0     | name   | dept | address | fathername | marks |
+-----------+--------+------+---------+------------+-------+
| 192011080 | harini | ece  | tanjore | velu       |    98 |
| 192211080 | divya  | ece  | tirupur | ramesh     |    98 |
+-----------+--------+------+---------+------------+-------+
2 rows in set (0.00 sec)

mysql> select*from mentees where name="harini";
+-----------+--------+------+---------+------------+-------+
| regn0     | name   | dept | address | fathername | marks |
+-----------+--------+------+---------+------------+-------+
| 192011080 | harini | ece  | tanjore | velu       |    98 |
+-----------+--------+------+---------+------------+-------+
1 row in set (0.00 sec)

mysql> alter table mentees add marks int(3);
ERROR 1060 (42S21): Duplicate column name 'marks'
mysql> update mentees set marks=98 where dept="ece";
Query OK, 0 rows affected (0.01 sec)
Rows matched: 2  Changed: 0  Warnings: 0

mysql> update mentees set marks=94 where name="arun";
Query OK, 0 rows affected (0.01 sec)
Rows matched: 1  Changed: 0  Warnings: 0

mysql> update mentees set marks=93 where dept="bme";
Query OK, 1 row affected (0.01 sec)
Rows matched: 1  Changed: 1  Warnings: 0

mysql> select*from mentees;
+-----------+---------+------+---------+------------+-------+
| regn0     | name    | dept | address | fathername | marks |
+-----------+---------+------+---------+------------+-------+
| 192011079 | gowtham | bme  | erode   | moorthi    |    93 |
| 192011090 | arun    | cse  | chennai | muthu      |    94 |
| 192011080 | harini  | ece  | tanjore | velu       |    98 |
| 192211080 | divya   | ece  | tirupur | ramesh     |    98 |
+-----------+---------+------+---------+------------+-------+
4 rows in set (0.00 sec)

mysql> select*from mentees where name like "d%";
+-----------+-------+------+---------+------------+-------+
| regn0     | name  | dept | address | fathername | marks |
+-----------+-------+------+---------+------------+-------+
| 192211080 | divya | ece  | tirupur | ramesh     |    98 |
+-----------+-------+------+---------+------------+-------+
1 row in set (0.00 sec)

mysql> select*from mentees where name like "h%";
+-----------+--------+------+---------+------------+-------+
| regn0     | name   | dept | address | fathername | marks |
+-----------+--------+------+---------+------------+-------+
| 192011080 | harini | ece  | tanjore | velu       |    98 |
+-----------+--------+------+---------+------------+-------+
1 row in set (0.00 sec)

mysql> select*from mentees where dept like "%c%";
+-----------+--------+------+---------+------------+-------+
| regn0     | name   | dept | address | fathername | marks |
+-----------+--------+------+---------+------------+-------+
| 192011090 | arun   | cse  | chennai | muthu      |    94 |
| 192011080 | harini | ece  | tanjore | velu       |    98 |
| 192211080 | divya  | ece  | tirupur | ramesh     |    98 |
+-----------+--------+------+---------+------------+-------+
3 rows in set (0.00 sec)

mysql> select*from mentees where address like"%i";
+-----------+------+------+---------+------------+-------+
| regn0     | name | dept | address | fathername | marks |
+-----------+------+------+---------+------------+-------+
| 192011090 | arun | cse  | chennai | muthu      |    94 |
+-----------+------+------+---------+------------+-------+
1 row in set (0.00 sec)

mysql> select*from mentees where address like "%r";
+-----------+-------+------+---------+------------+-------+
| regn0     | name  | dept | address | fathername | marks |
+-----------+-------+------+---------+------------+-------+
| 192211080 | divya | ece  | tirupur | ramesh     |    98 |
+-----------+-------+------+---------+------------+-------+
1 row in set (0.00 sec)
